Resolving dependencies...
Downloading packages...
  _fe_analyzer_shared 67.0.0 (94.0.0 available)
  _flutterfire_internals 1.3.59 (1.3.66 available)
  analyzer 6.4.1 (10.0.2 available)
  build 2.4.1 (4.0.4 available)
  build_config 1.1.2 (1.2.0 available)
  build_resolvers 2.4.2 (3.0.4 available)
  build_runner 2.4.13 (2.11.0 available)
  build_runner_core 7.3.2 (9.3.2 available)
  characters 1.4.0 (1.4.1 available)
  confetti 0.7.0 (0.8.0 available)
  connectivity_plus 6.1.5 (7.0.0 available)
  dart_style 2.3.6 (3.1.5 available)
  device_info_plus 11.5.0 (12.3.0 available)
  firebase_analytics 11.6.0 (12.1.1 available)
  firebase_analytics_platform_interface 4.4.3 (5.0.6 available)
  firebase_analytics_web 0.5.10+16 (0.6.1+2 available)
  firebase_core 3.15.2 (4.4.0 available)
  firebase_core_web 2.24.1 (3.4.0 available)
  firebase_crashlytics 4.3.10 (5.0.7 available)
  firebase_crashlytics_platform_interface 3.8.10 (3.8.17 available)
  firebase_messaging 15.2.10 (16.1.1 available)
  firebase_messaging_platform_interface 4.6.10 (4.7.6 available)
  firebase_messaging_web 3.10.10 (4.1.2 available)
  flutter_lints 5.0.0 (6.0.0 available)
  flutter_secure_storage 9.2.4 (10.0.0 available)
  flutter_secure_storage_linux 1.2.3 (3.0.0 available)
  flutter_secure_storage_macos 3.1.3 (4.0.0 available)
  flutter_secure_storage_platform_interface 1.1.2 (2.0.1 available)
  flutter_secure_storage_web 1.2.1 (2.1.0 available)
  flutter_secure_storage_windows 3.1.2 (4.1.0 available)
  geolocator 13.0.4 (14.0.2 available)
  geolocator_android 4.6.2 (5.0.2 available)
  get_it 8.3.0 (9.2.0 available)
  go_router 14.8.1 (17.1.0 available)
  google_fonts 6.3.3 (8.0.1 available)
  injectable_generator 2.6.2 (2.12.0 available)
  js 0.6.7 (0.7.2 available)
  lints 5.1.1 (6.1.0 available)
  local_auth 2.3.0 (3.0.0 available)
  local_auth_android 1.0.56 (2.0.4 available)
  local_auth_darwin 1.6.1 (2.0.1 available)
  local_auth_windows 1.0.11 (2.0.1 available)
  matcher 0.12.17 (0.12.18 available)
  material_color_utilities 0.11.1 (0.13.0 available)
  meta 1.16.0 (1.18.1 available)
  path_provider_foundation 2.5.1 (2.6.0 available)
  permission_handler 11.4.0 (12.0.1 available)
  permission_handler_android 12.1.0 (13.0.1 available)
  shelf_web_socket 2.0.1 (3.0.0 available)
  source_gen 1.5.0 (4.2.0 available)
  source_helper 1.3.5 (1.3.10 available)
  test 1.26.2 (1.29.0 available)
  test_api 0.7.6 (0.7.9 available)
  test_core 0.6.11 (0.6.15 available)
  url_launcher_web 2.4.1 (2.4.2 available)
  vibration 2.1.0 (3.1.5 available)
  vibration_platform_interface 0.0.3 (0.1.1 available)
Got dependencies!
57 packages have newer versions incompatible with dependency constraints.
Try `flutter pub outdated` for more information.
flutter : This projec
t is not configured f
or the web.
At line:1 char:1
+ flutter build web 2
>&1 > build_output.tx
t; Get-Content build_
output.t ...
+ ~~~~~~~~~~~~~~~~~~~
~~~~~~~~~~~~~~~~~~~~~
~
    + CategoryInfo   
           : NotSpe  
  cified: (This pr   
 oject is...ed fo    
r the web.:Strin    g
) [], RemoteExc    ep
tion
    + FullyQualified 
   ErrorId : Native  
  CommandError
 
To configure this pro
ject for the web, run
 flutter create . --p
latforms web
